\BOOKMARK [1][-]{section.1}{\376\377\000P\000r\000o\000j\000e\000c\000t\000\040\000O\000v\000e\000r\000v\000i\000e\000w}{}% 1
\BOOKMARK [2][-]{subsection.1.1}{\376\377\000S\000y\000s\000t\000e\000m\000\040\000D\000e\000s\000c\000r\000i\000p\000t\000i\000o\000n}{section.1}% 2
\BOOKMARK [2][-]{subsection.1.2}{\376\377\000M\000a\000i\000n\000\040\000F\000u\000n\000c\000t\000i\000o\000n\000a\000l\000i\000t\000y}{section.1}% 3
\BOOKMARK [1][-]{section.2}{\376\377\000E\000n\000t\000i\000t\000y\040\023\000R\000e\000l\000a\000t\000i\000o\000n\000s\000h\000i\000p\000\040\000D\000i\000a\000g\000r\000a\000m}{}% 4
\BOOKMARK [2][-]{subsection.2.1}{\376\377\000E\000n\000t\000i\000t\000y\000\040\000S\000e\000t\000s}{section.2}% 5
\BOOKMARK [2][-]{subsection.2.2}{\376\377\000R\000e\000l\000a\000t\000i\000o\000n\000s\000h\000i\000p\000\040\000S\000e\000t\000s}{section.2}% 6
\BOOKMARK [1][-]{section.3}{\376\377\000R\000e\000l\000a\000t\000i\000o\000n\000a\000l\000\040\000S\000c\000h\000e\000m\000a}{}% 7
\BOOKMARK [2][-]{subsection.3.1}{\376\377\000C\000o\000r\000e\000\040\000I\000d\000e\000n\000t\000i\000t\000y}{section.3}% 8
\BOOKMARK [2][-]{subsection.3.2}{\376\377\000P\000e\000r\000s\000o\000n\000\040\000I\000S\000A\000\040\000S\000u\000b\000t\000y\000p\000e\000s}{section.3}% 9
\BOOKMARK [2][-]{subsection.3.3}{\376\377\000S\000u\000p\000p\000l\000i\000e\000r\000\040\000a\000n\000d\000\040\000I\000t\000e\000m\000s}{section.3}% 10
\BOOKMARK [2][-]{subsection.3.4}{\376\377\000I\000t\000e\000m\000\040\000I\000S\000A\000\040\000S\000u\000b\000t\000y\000p\000e\000s}{section.3}% 11
\BOOKMARK [2][-]{subsection.3.5}{\376\377\000C\000a\000r\000t\000\040\000a\000n\000d\000\040\000O\000r\000d\000e\000r\000s}{section.3}% 12
\BOOKMARK [2][-]{subsection.3.6}{\376\377\000I\000n\000v\000e\000n\000t\000o\000r\000y}{section.3}% 13
\BOOKMARK [2][-]{subsection.3.7}{\376\377\000R\000e\000v\000i\000e\000w\000s\000\040\000a\000n\000d\000\040\000D\000i\000s\000c\000o\000u\000n\000t\000s}{section.3}% 14
\BOOKMARK [2][-]{subsection.3.8}{\376\377\000S\000e\000e\000d\000\040\000D\000a\000t\000a}{section.3}% 15
\BOOKMARK [1][-]{section.4}{\376\377\000S\000Q\000L\000\040\000Q\000u\000e\000r\000i\000e\000s\000\040\000b\000y\000\040\000F\000u\000n\000c\000t\000i\000o\000n\000a\000l\000i\000t\000y}{}% 16
\BOOKMARK [2][-]{subsection.4.1}{\376\377\000U\000s\000e\000r\000\040\000L\000o\000g\000i\000n}{section.4}% 17
\BOOKMARK [2][-]{subsection.4.2}{\376\377\000R\000e\000g\000i\000s\000t\000e\000r\000\040\000I\000n\000d\000i\000v\000i\000d\000u\000a\000l\000\040\000C\000u\000s\000t\000o\000m\000e\000r}{section.4}% 18
\BOOKMARK [2][-]{subsection.4.3}{\376\377\000R\000e\000g\000i\000s\000t\000e\000r\000\040\000B\000u\000s\000i\000n\000e\000s\000s\000\040\000C\000u\000s\000t\000o\000m\000e\000r}{section.4}% 19
\BOOKMARK [2][-]{subsection.4.4}{\376\377\000R\000e\000t\000r\000i\000e\000v\000e\000\040\000C\000u\000s\000t\000o\000m\000e\000r\000\040\000P\000r\000o\000f\000i\000l\000e}{section.4}% 20
\BOOKMARK [2][-]{subsection.4.5}{\376\377\000U\000p\000d\000a\000t\000e\000\040\000P\000r\000o\000f\000i\000l\000e}{section.4}% 21
\BOOKMARK [2][-]{subsection.4.6}{\376\377\000C\000a\000r\000t\000:\000\040\000S\000e\000a\000r\000c\000h\000,\000\040\000S\000o\000r\000t\000,\000\040\000a\000n\000d\000\040\000F\000i\000l\000t\000e\000r}{section.4}% 22
\BOOKMARK [2][-]{subsection.4.7}{\376\377\000P\000l\000a\000c\000e\000\040\000O\000r\000d\000e\000r}{section.4}% 23
\BOOKMARK [2][-]{subsection.4.8}{\376\377\000V\000i\000e\000w\000\040\000O\000r\000d\000e\000r\000\040\000H\000i\000s\000t\000o\000r\000y}{section.4}% 24
\BOOKMARK [2][-]{subsection.4.9}{\376\377\000S\000u\000b\000m\000i\000t\000\040\000a\000\040\000R\000e\000v\000i\000e\000w\000\040\000\050\000D\000e\000l\000i\000v\000e\000r\000e\000d\000\040\000O\000r\000d\000e\000r\000s\000\040\000O\000n\000l\000y\000\051}{section.4}% 25
\BOOKMARK [2][-]{subsection.4.10}{\376\377\000A\000d\000m\000i\000n\000:\000\040\000M\000a\000n\000a\000g\000e\000\040\000I\000t\000e\000m\000s}{section.4}% 26
\BOOKMARK [2][-]{subsection.4.11}{\376\377\000A\000d\000m\000i\000n\000:\000\040\000R\000e\000g\000i\000s\000t\000e\000r\000\040\000E\000m\000p\000l\000o\000y\000e\000e}{section.4}% 27
\BOOKMARK [2][-]{subsection.4.12}{\376\377\000S\000u\000p\000e\000r\000\040\000A\000d\000m\000i\000n\000:\000\040\000R\000e\000g\000i\000s\000t\000e\000r\000\040\000B\000r\000a\000n\000c\000h\000\040\000A\000d\000m\000i\000n\000\040\000a\000n\000d\000\040\000A\000d\000d\000\040\000B\000r\000a\000n\000c\000h}{section.4}% 28
\BOOKMARK [2][-]{subsection.4.13}{\376\377\000I\000n\000v\000e\000n\000t\000o\000r\000y\000\040\000M\000a\000n\000a\000g\000e\000m\000e\000n\000t}{section.4}% 29
\BOOKMARK [1][-]{section.5}{\376\377\000N\000o\000r\000m\000a\000l\000i\000z\000a\000t\000i\000o\000n\000\040\000A\000n\000a\000l\000y\000s\000i\000s}{}% 30
\BOOKMARK [2][-]{subsection.5.1}{\376\377\000F\000i\000r\000s\000t\000\040\000N\000o\000r\000m\000a\000l\000\040\000F\000o\000r\000m\000\040\000\050\0001\000N\000F\000\051}{section.5}% 31
\BOOKMARK [2][-]{subsection.5.2}{\376\377\000S\000e\000c\000o\000n\000d\000\040\000N\000o\000r\000m\000a\000l\000\040\000F\000o\000r\000m\000\040\000\050\0002\000N\000F\000\051}{section.5}% 32
\BOOKMARK [2][-]{subsection.5.3}{\376\377\000T\000h\000i\000r\000d\000\040\000N\000o\000r\000m\000a\000l\000\040\000F\000o\000r\000m\000\040\000\050\0003\000N\000F\000\051}{section.5}% 33
\BOOKMARK [3][-]{subsubsection.5.3.1}{\376\377\000R\000e\000l\000a\000t\000i\000o\000n\000:\000\040\000P\000e\000r\000s\000o\000n}{subsection.5.3}% 34
\BOOKMARK [3][-]{subsubsection.5.3.2}{\376\377\000R\000e\000l\000a\000t\000i\000o\000n\000:\000\040\000I\000t\000e\000m}{subsection.5.3}% 35
\BOOKMARK [3][-]{subsubsection.5.3.3}{\376\377\000R\000e\000l\000a\000t\000i\000o\000n\000:\000\040\000O\000r\000d\000e\000r}{subsection.5.3}% 36
\BOOKMARK [3][-]{subsubsection.5.3.4}{\376\377\000R\000e\000l\000a\000t\000i\000o\000n\000:\000\040\000C\000u\000s\000t\000o\000m\000e\000r}{subsection.5.3}% 37
\BOOKMARK [3][-]{subsubsection.5.3.5}{\376\377\000R\000e\000l\000a\000t\000i\000o\000n\000:\000\040\000B\000u\000s\000i\000n\000e\000s\000s}{subsection.5.3}% 38
\BOOKMARK [3][-]{subsubsection.5.3.6}{\376\377\000R\000e\000l\000a\000t\000i\000o\000n\000:\000\040\000B\000r\000a\000n\000c\000h}{subsection.5.3}% 39
\BOOKMARK [3][-]{subsubsection.5.3.7}{\376\377\000R\000e\000l\000a\000t\000i\000o\000n\000:\000\040\000D\000e\000l\000i\000v\000e\000r\000y}{subsection.5.3}% 40
\BOOKMARK [2][-]{subsection.5.4}{\376\377\000N\000o\000r\000m\000a\000l\000i\000s\000a\000t\000i\000o\000n\000\040\000S\000u\000m\000m\000a\000r\000y}{section.5}% 41
\BOOKMARK [1][-]{section.6}{\376\377\000J\000a\000v\000a\000\040\000A\000p\000p\000l\000i\000c\000a\000t\000i\000o\000n\000\040\000C\000o\000d\000e}{}% 42
\BOOKMARK [2][-]{subsection.6.1}{\376\377\000J\000D\000B\000C\000\040\000C\000o\000n\000n\000e\000c\000t\000i\000o\000n}{section.6}% 43
\BOOKMARK [2][-]{subsection.6.2}{\376\377\000A\000u\000t\000h\000e\000n\000t\000i\000c\000a\000t\000i\000o\000n\000\040\000L\000o\000g\000i\000c}{section.6}% 44
\BOOKMARK [2][-]{subsection.6.3}{\376\377\000C\000a\000r\000t\000\040\000Q\000u\000e\000r\000y\000\040\000w\000i\000t\000h\000\040\000S\000o\000r\000t\000\040\000a\000n\000d\000\040\000F\000i\000l\000t\000e\000r}{section.6}% 45
\BOOKMARK [2][-]{subsection.6.4}{\376\377\000R\000e\000v\000i\000e\000w\000\040\000G\000u\000a\000r\000d}{section.6}% 46
\BOOKMARK [2][-]{subsection.6.5}{\376\377\000T\000h\000r\000e\000e\000-\000T\000i\000e\000r\000\040\000A\000d\000m\000i\000n\000\040\000C\000h\000e\000c\000k}{section.6}% 47
